{"0":"c","1":"o","10":"O","11":"N","12":"N","13":"R","14":"E","15":"F","16":"U","17":"S","18":"E","19":"D","2":"n","20":" ","21":"1","22":"2","23":"7","24":".","25":"0","26":".","27":"0","28":".","29":"1","3":"n","30":":","31":"2","32":"7","33":"0","34":"1","35":"7","4":"e","5":"c","6":"t","7":" ","8":"E","9":"C","level":"error","message":"Database connection failed:","service":"duelik-backend","timestamp":"2025-11-16 08:38:06","version":"1.0.0"}
{"0":"c","1":"o","10":"O","11":"N","12":"N","13":"R","14":"E","15":"F","16":"U","17":"S","18":"E","19":"D","2":"n","20":" ","21":"1","22":"2","23":"7","24":".","25":"0","26":".","27":"0","28":".","29":"1","3":"n","30":":","31":"2","32":"7","33":"0","34":"1","35":"7","4":"e","5":"c","6":"t","7":" ","8":"E","9":"C","level":"error","message":"Database connection failed:","service":"duelik-backend","timestamp":"2025-11-16 08:38:08","version":"1.0.0"}
{"0":"c","1":"o","10":"O","11":"N","12":"N","13":"R","14":"E","15":"F","16":"U","17":"S","18":"E","19":"D","2":"n","20":" ","21":"1","22":"2","23":"7","24":".","25":"0","26":".","27":"0","28":".","29":"1","3":"n","30":":","31":"2","32":"7","33":"0","34":"1","35":"7","4":"e","5":"c","6":"t","7":" ","8":"E","9":"C","level":"error","message":"Database connection failed:","service":"duelik-backend","timestamp":"2025-11-16 08:38:30","version":"1.0.0"}
{"level":"warn","message":"⚠️ Database connection skipped (development mode or no URI provided)","service":"duelik-backend","timestamp":"2025-11-16 08:38:55","version":"1.0.0"}
{"level":"info","message":"✅ Database connected successfully","service":"duelik-backend","timestamp":"2025-11-16 08:38:55","version":"1.0.0"}
{"level":"info","message":"🚀 Dueli Backend Server running on port 3001","service":"duelik-backend","timestamp":"2025-11-16 08:38:55","version":"1.0.0"}
{"level":"info","message":"📡 WebSocket server ready","service":"duelik-backend","timestamp":"2025-11-16 08:38:55","version":"1.0.0"}
{"level":"info","message":"🌍 Environment: development","service":"duelik-backend","timestamp":"2025-11-16 08:38:55","version":"1.0.0"}
{"level":"warn","message":"⚠️ Database connection skipped (development mode or no URI provided)","service":"duelik-backend","timestamp":"2025-11-16 08:41:26","version":"1.0.0"}
{"level":"info","message":"✅ Database connected successfully","service":"duelik-backend","timestamp":"2025-11-16 08:41:26","version":"1.0.0"}
{"level":"info","message":"🚀 Dueli Backend Server running on port 3002","service":"duelik-backend","timestamp":"2025-11-16 08:41:26","version":"1.0.0"}
{"level":"info","message":"📡 WebSocket server ready","service":"duelik-backend","timestamp":"2025-11-16 08:41:26","version":"1.0.0"}
{"level":"info","message":"🌍 Environment: development","service":"duelik-backend","timestamp":"2025-11-16 08:41:26","version":"1.0.0"}
{"level":"warn","message":"⚠️ Database connection skipped (development mode or no URI provided)","service":"duelik-backend","timestamp":"2025-11-16 08:54:57","version":"1.0.0"}
{"level":"info","message":"✅ Database connected successfully","service":"duelik-backend","timestamp":"2025-11-16 08:54:57","version":"1.0.0"}
{"level":"info","message":"🚀 Dueli Backend Server running on port 3003","service":"duelik-backend","timestamp":"2025-11-16 08:54:57","version":"1.0.0"}
{"level":"info","message":"📡 WebSocket server ready","service":"duelik-backend","timestamp":"2025-11-16 08:54:57","version":"1.0.0"}
{"level":"info","message":"🌍 Environment: development","service":"duelik-backend","timestamp":"2025-11-16 08:54:57","version":"1.0.0"}
{"level":"info","message":"::1 - - [16/Nov/2025:09:01:46 +0000] \"GET /api/health HTTP/1.1\" 404 114 \"-\" \"undici\"","service":"duelik-backend","timestamp":"2025-11-16 09:01:46","version":"1.0.0"}
{"level":"info","message":"::1 - - [16/Nov/2025:09:01:56 +0000] \"POST /api/auth/register HTTP/1.1\" 500 496 \"-\" \"undici\"","service":"duelik-backend","timestamp":"2025-11-16 09:01:56","version":"1.0.0"}
{"level":"info","message":"::1 - - [16/Nov/2025:09:02:06 +0000] \"POST /api/auth/login HTTP/1.1\" 500 496 \"-\" \"undici\"","service":"duelik-backend","timestamp":"2025-11-16 09:02:06","version":"1.0.0"}
{"level":"info","message":"SIGTERM received. Shutting down gracefully...","service":"duelik-backend","timestamp":"2025-11-16 09:02:59","version":"1.0.0"}
{"level":"warn","message":"⚠️ Database connection skipped (development mode or no URI provided)","service":"duelik-backend","timestamp":"2025-11-16 09:03:03","version":"1.0.0"}
{"level":"info","message":"✅ Database connected successfully","service":"duelik-backend","timestamp":"2025-11-16 09:03:03","version":"1.0.0"}
{"level":"info","message":"🚀 Dueli Backend Server running on port 3003","service":"duelik-backend","timestamp":"2025-11-16 09:03:03","version":"1.0.0"}
{"level":"info","message":"📡 WebSocket server ready","service":"duelik-backend","timestamp":"2025-11-16 09:03:03","version":"1.0.0"}
{"level":"info","message":"🌍 Environment: development","service":"duelik-backend","timestamp":"2025-11-16 09:03:03","version":"1.0.0"}
{"level":"info","message":"::1 - - [16/Nov/2025:09:03:08 +0000] \"GET /health HTTP/1.1\" 200 93 \"-\" \"undici\"","service":"duelik-backend","timestamp":"2025-11-16 09:03:08","version":"1.0.0"}
{"level":"info","message":"::1 - - [16/Nov/2025:09:03:18 +0000] \"POST /api/auth/register HTTP/1.1\" 500 496 \"-\" \"undici\"","service":"duelik-backend","timestamp":"2025-11-16 09:03:18","version":"1.0.0"}
{"level":"info","message":"::1 - - [16/Nov/2025:09:03:28 +0000] \"POST /api/auth/login HTTP/1.1\" 500 496 \"-\" \"undici\"","service":"duelik-backend","timestamp":"2025-11-16 09:03:28","version":"1.0.0"}
{"level":"info","message":"SIGTERM received. Shutting down gracefully...","service":"duelik-backend","timestamp":"2025-11-16 09:04:59","version":"1.0.0"}
{"level":"warn","message":"⚠️ Database connection skipped (development mode or no URI provided)","service":"duelik-backend","timestamp":"2025-11-16 09:05:03","version":"1.0.0"}
{"level":"info","message":"✅ Database connected successfully","service":"duelik-backend","timestamp":"2025-11-16 09:05:03","version":"1.0.0"}
{"level":"info","message":"🚀 Dueli Backend Server running on port 3003","service":"duelik-backend","timestamp":"2025-11-16 09:05:03","version":"1.0.0"}
{"level":"info","message":"📡 WebSocket server ready","service":"duelik-backend","timestamp":"2025-11-16 09:05:03","version":"1.0.0"}
{"level":"info","message":"🌍 Environment: development","service":"duelik-backend","timestamp":"2025-11-16 09:05:03","version":"1.0.0"}
{"level":"info","message":"::1 - - [16/Nov/2025:09:05:08 +0000] \"GET /health HTTP/1.1\" 200 93 \"-\" \"undici\"","service":"duelik-backend","timestamp":"2025-11-16 09:05:08","version":"1.0.0"}
{"level":"info","message":"::1 - - [16/Nov/2025:09:05:08 +0000] \"POST /api/auth/register HTTP/1.1\" 409 70 \"-\" \"undici\"","service":"duelik-backend","timestamp":"2025-11-16 09:05:08","version":"1.0.0"}
{"level":"info","message":"::1 - - [16/Nov/2025:09:05:09 +0000] \"POST /api/auth/login HTTP/1.1\" 401 73 \"-\" \"undici\"","service":"duelik-backend","timestamp":"2025-11-16 09:05:09","version":"1.0.0"}
{"level":"info","message":"::1 - - [16/Nov/2025:09:05:46 +0000] \"POST /api/auth/login HTTP/1.1\" 401 73 \"-\" \"undici\"","service":"duelik-backend","timestamp":"2025-11-16 09:05:46","version":"1.0.0"}
{"level":"info","message":"SIGTERM received. Shutting down gracefully...","service":"duelik-backend","timestamp":"2025-11-16 09:06:12","version":"1.0.0"}
{"level":"warn","message":"⚠️ Database connection skipped (development mode or no URI provided)","service":"duelik-backend","timestamp":"2025-11-16 09:06:21","version":"1.0.0"}
{"level":"info","message":"✅ Database connected successfully","service":"duelik-backend","timestamp":"2025-11-16 09:06:21","version":"1.0.0"}
{"level":"info","message":"🚀 Dueli Backend Server running on port 3003","service":"duelik-backend","timestamp":"2025-11-16 09:06:21","version":"1.0.0"}
{"level":"info","message":"📡 WebSocket server ready","service":"duelik-backend","timestamp":"2025-11-16 09:06:21","version":"1.0.0"}
{"level":"info","message":"🌍 Environment: development","service":"duelik-backend","timestamp":"2025-11-16 09:06:21","version":"1.0.0"}
{"level":"info","message":"::1 - - [16/Nov/2025:09:06:24 +0000] \"POST /api/auth/login HTTP/1.1\" 200 477 \"-\" \"undici\"","service":"duelik-backend","timestamp":"2025-11-16 09:06:24","version":"1.0.0"}
{"level":"info","message":"::1 - - [16/Nov/2025:09:06:29 +0000] \"GET /health HTTP/1.1\" 200 94 \"-\" \"undici\"","service":"duelik-backend","timestamp":"2025-11-16 09:06:29","version":"1.0.0"}
{"level":"info","message":"::1 - - [16/Nov/2025:09:06:29 +0000] \"POST /api/auth/register HTTP/1.1\" 201 560 \"-\" \"undici\"","service":"duelik-backend","timestamp":"2025-11-16 09:06:29","version":"1.0.0"}
{"level":"info","message":"::1 - - [16/Nov/2025:09:06:30 +0000] \"POST /api/auth/login HTTP/1.1\" 200 477 \"-\" \"undici\"","service":"duelik-backend","timestamp":"2025-11-16 09:06:30","version":"1.0.0"}
{"level":"info","message":"::1 - - [16/Nov/2025:09:06:30 +0000] \"GET /api/users/profile HTTP/1.1\" 500 - \"-\" \"undici\"","service":"duelik-backend","timestamp":"2025-11-16 09:06:30","version":"1.0.0"}
{"level":"info","message":"::1 - - [16/Nov/2025:09:06:30 +0000] \"POST /api/challenges HTTP/1.1\" 401 65 \"-\" \"undici\"","service":"duelik-backend","timestamp":"2025-11-16 09:06:30","version":"1.0.0"}
{"level":"info","message":"::1 - - [16/Nov/2025:09:06:30 +0000] \"GET /api/challenges HTTP/1.1\" 200 456 \"-\" \"undici\"","service":"duelik-backend","timestamp":"2025-11-16 09:06:30","version":"1.0.0"}
{"level":"info","message":"::1 - - [16/Nov/2025:09:06:58 +0000] \"GET /health HTTP/1.1\" 200 94 \"-\" \"undici\"","service":"duelik-backend","timestamp":"2025-11-16 09:06:58","version":"1.0.0"}
{"level":"info","message":"::1 - - [16/Nov/2025:09:06:58 +0000] \"POST /api/auth/register HTTP/1.1\" 409 70 \"-\" \"undici\"","service":"duelik-backend","timestamp":"2025-11-16 09:06:58","version":"1.0.0"}
{"level":"info","message":"::1 - - [16/Nov/2025:09:06:58 +0000] \"POST /api/auth/login HTTP/1.1\" 200 477 \"-\" \"undici\"","service":"duelik-backend","timestamp":"2025-11-16 09:06:58","version":"1.0.0"}
{"level":"info","message":"::1 - - [16/Nov/2025:09:06:58 +0000] \"GET /api/users/profile HTTP/1.1\" 500 - \"-\" \"undici\"","service":"duelik-backend","timestamp":"2025-11-16 09:06:58","version":"1.0.0"}
{"level":"info","message":"::1 - - [16/Nov/2025:09:06:58 +0000] \"POST /api/challenges HTTP/1.1\" 201 479 \"-\" \"undici\"","service":"duelik-backend","timestamp":"2025-11-16 09:06:58","version":"1.0.0"}
{"level":"info","message":"::1 - - [16/Nov/2025:09:06:58 +0000] \"GET /api/challenges HTTP/1.1\" 200 855 \"-\" \"undici\"","service":"duelik-backend","timestamp":"2025-11-16 09:06:58","version":"1.0.0"}
{"level":"info","message":"SIGTERM received. Shutting down gracefully...","service":"duelik-backend","timestamp":"2025-11-16 09:07:21","version":"1.0.0"}
{"level":"warn","message":"⚠️ Database connection skipped (development mode or no URI provided)","service":"duelik-backend","timestamp":"2025-11-16 09:07:26","version":"1.0.0"}
{"level":"info","message":"✅ Database connected successfully","service":"duelik-backend","timestamp":"2025-11-16 09:07:26","version":"1.0.0"}
{"level":"info","message":"🚀 Dueli Backend Server running on port 3003","service":"duelik-backend","timestamp":"2025-11-16 09:07:26","version":"1.0.0"}
{"level":"info","message":"📡 WebSocket server ready","service":"duelik-backend","timestamp":"2025-11-16 09:07:26","version":"1.0.0"}
{"level":"info","message":"🌍 Environment: development","service":"duelik-backend","timestamp":"2025-11-16 09:07:26","version":"1.0.0"}
{"level":"info","message":"::1 - - [16/Nov/2025:09:07:29 +0000] \"GET /health HTTP/1.1\" 200 93 \"-\" \"undici\"","service":"duelik-backend","timestamp":"2025-11-16 09:07:29","version":"1.0.0"}
{"level":"info","message":"::1 - - [16/Nov/2025:09:07:29 +0000] \"POST /api/auth/register HTTP/1.1\" 201 560 \"-\" \"undici\"","service":"duelik-backend","timestamp":"2025-11-16 09:07:29","version":"1.0.0"}
{"level":"info","message":"::1 - - [16/Nov/2025:09:07:29 +0000] \"POST /api/auth/login HTTP/1.1\" 200 477 \"-\" \"undici\"","service":"duelik-backend","timestamp":"2025-11-16 09:07:29","version":"1.0.0"}
{"level":"info","message":"::1 - - [16/Nov/2025:09:07:29 +0000] \"GET /api/users/profile HTTP/1.1\" 200 349 \"-\" \"undici\"","service":"duelik-backend","timestamp":"2025-11-16 09:07:29","version":"1.0.0"}
{"level":"info","message":"::1 - - [16/Nov/2025:09:07:29 +0000] \"POST /api/challenges HTTP/1.1\" 201 479 \"-\" \"undici\"","service":"duelik-backend","timestamp":"2025-11-16 09:07:29","version":"1.0.0"}
{"level":"info","message":"::1 - - [16/Nov/2025:09:07:29 +0000] \"GET /api/challenges HTTP/1.1\" 200 855 \"-\" \"undici\"","service":"duelik-backend","timestamp":"2025-11-16 09:07:29","version":"1.0.0"}
{"level":"warn","message":"⚠️ Database connection skipped (development mode or no URI provided)","service":"duelik-backend","timestamp":"2025-11-16 10:04:57","version":"1.0.0"}
{"level":"info","message":"✅ Database connected successfully","service":"duelik-backend","timestamp":"2025-11-16 10:04:57","version":"1.0.0"}
{"level":"info","message":"🚀 Dueli Backend Server running on port 3003","service":"duelik-backend","timestamp":"2025-11-16 10:04:57","version":"1.0.0"}
{"level":"info","message":"📡 WebSocket server ready","service":"duelik-backend","timestamp":"2025-11-16 10:04:57","version":"1.0.0"}
{"level":"info","message":"🌍 Environment: development","service":"duelik-backend","timestamp":"2025-11-16 10:04:57","version":"1.0.0"}
{"level":"info","message":"::ffff:127.0.0.1 - - [16/Nov/2025:10:07:54 +0000] \"GET /health HTTP/1.1\" 200 95 \"-\" \"curl/7.88.1\"","service":"duelik-backend","timestamp":"2025-11-16 10:07:54","version":"1.0.0"}
{"level":"info","message":"::ffff:127.0.0.1 - - [16/Nov/2025:10:08:22 +0000] \"GET /health HTTP/1.1\" 200 95 \"-\" \"curl/7.88.1\"","service":"duelik-backend","timestamp":"2025-11-16 10:08:22","version":"1.0.0"}
{"level":"info","message":"Starting MongoDB setup...","service":"duelik-backend","timestamp":"2025-11-16 11:21:35","version":"1.0.0"}
{"code":"ENOTFOUND","hostname":"_mongodb._tcp.cluster0.xxxxx.mongodb.net","level":"error","message":"Database connection failed: querySrv ENOTFOUND _mongodb._tcp.cluster0.xxxxx.mongodb.net","service":"duelik-backend","stack":"Error: querySrv ENOTFOUND _mongodb._tcp.cluster0.xxxxx.mongodb.net\n    at QueryReqWrap.onresolve [as oncomplete] (node:internal/dns/promises:275:17)","syscall":"querySrv","timestamp":"2025-11-16 11:21:35","version":"1.0.0"}
{"level":"warn","message":"⚠️ Database connection skipped (development mode or no URI provided)","service":"duelik-backend","timestamp":"2025-11-16 11:21:47","version":"1.0.0"}
{"level":"info","message":"✅ Database connected successfully","service":"duelik-backend","timestamp":"2025-11-16 11:21:47","version":"1.0.0"}
{"level":"info","message":"🚀 Dueli Backend Server running on port 3003","service":"duelik-backend","timestamp":"2025-11-16 11:21:47","version":"1.0.0"}
{"level":"info","message":"📡 WebSocket server ready","service":"duelik-backend","timestamp":"2025-11-16 11:21:47","version":"1.0.0"}
{"level":"info","message":"🌍 Environment: development","service":"duelik-backend","timestamp":"2025-11-16 11:21:47","version":"1.0.0"}
{"level":"info","message":"::ffff:127.0.0.1 - - [16/Nov/2025:11:21:57 +0000] \"GET /api/auth/test HTTP/1.1\" 404 117 \"-\" \"curl/7.88.1\"","service":"duelik-backend","timestamp":"2025-11-16 11:21:57","version":"1.0.0"}
{"level":"info","message":"::ffff:127.0.0.1 - - [16/Nov/2025:11:21:59 +0000] \"GET /api/challenges HTTP/1.1\" 200 456 \"-\" \"curl/7.88.1\"","service":"duelik-backend","timestamp":"2025-11-16 11:21:59","version":"1.0.0"}
{"level":"info","message":"::ffff:127.0.0.1 - - [16/Nov/2025:11:22:01 +0000] \"POST /api/auth/login HTTP/1.1\" 401 73 \"-\" \"curl/7.88.1\"","service":"duelik-backend","timestamp":"2025-11-16 11:22:01","version":"1.0.0"}
{"level":"info","message":"::ffff:127.0.0.1 - - [16/Nov/2025:11:22:04 +0000] \"POST /api/auth/login HTTP/1.1\" 401 73 \"-\" \"curl/7.88.1\"","service":"duelik-backend","timestamp":"2025-11-16 11:22:04","version":"1.0.0"}
{"level":"info","message":"::ffff:127.0.0.1 - - [16/Nov/2025:11:22:14 +0000] \"POST /api/auth/login HTTP/1.1\" 200 477 \"-\" \"curl/7.88.1\"","service":"duelik-backend","timestamp":"2025-11-16 11:22:14","version":"1.0.0"}
